[zadescoxp.com/index.html]
[zadescoxp.com/_next/static/media/0c8ce7d7d9e89600-s.p.woff2]
[zadescoxp.com/_next/static/media/364b0b8852f82d6d-s.p.woff2]
[zadescoxp.com/_next/static/media/569ce4b8f30dc480-s.p.woff2]
[zadescoxp.com/_next/static/media/93f479601ee12b01-s.p.woff2]
[zadescoxp.com/_next/static/css/d65fd559bc96263e.css]
[zadescoxp.com/_next/static/chunks/webpack-54fdd7e24f3d0ec8.js]
[zadescoxp.com/_next/static/chunks/4bd1b696-8c8ffdc791e848aa.js]
[zadescoxp.com/_next/static/chunks/684-ea9d58bea613a0b0.js]
[zadescoxp.com/_next/static/chunks/main-app-d9794b1200c643e4.js]
[zadescoxp.com/_next/static/chunks/905-5973cbb25c81110f.js]
[zadescoxp.com/_next/static/chunks/app/layout-9805fee1efc35854.js]
[zadescoxp.com/_next/static/chunks/551-4292a1f750e89706.js]
[backblue.gif]
[fade.gif]
[index.html]
[zadescoxp.com/_next/static/chunks/app/page-2d9d915805b09c01.js]
[zadescoxp.com/favicon.ico]
[zadescoxp.com/_next/static/chunks/polyfills-42372ed130431b0a.js]
[zadescoxp.com/video.mp4]
[zadescoxp.com/index.html]
[zadescoxp.com/_next/static/media/8d697b304b401681-s.woff2]
[zadescoxp.com/_next/static/media/ba015fad6dcf6784-s.woff2]
[zadescoxp.com/_next/static/media/9610d9e46709d722-s.woff2]
[zadescoxp.com/_next/static/media/747892c23ea88013-s.woff2]
[zadescoxp.com/_next/static/media/32d7a84b53a4eb1d-s.woff2]
[zadescoxp.com/_next/static/media/4dd0a76a2d83838d-s.woff2]
[zadescoxp.com/_next/static/media/670feae0047e77cf-s.woff2]
[zadescoxp.com/_next/static/media/713c9fcbdb2a706b-s.woff2]
[zadescoxp.com/_next/static/css/d65fd559bc96263e.css]
